// Jest Snapshot v1, https://goo.gl/fbAQLP

exports[`hello tab home page should match snapshot 1`] = `
<div>
  <div
    class="container"
  >
    <div>
      Results
    </div>
     
    <div>
      <button
        data-testid="get.results"
      >
        
      Auto Fill Results
    
      </button>
      
    no data
  
    </div>
     
    <div
      class="ticket-grid"
    >
      <div
        class="row-outer"
      >
        <div>
          <div
            class="number-container"
          >
            1
          </div>
        </div>
        <div>
          <div
            class="number-container"
          >
            2
          </div>
        </div>
        <div>
          <div
            class="number-container"
          >
            3
          </div>
        </div>
        <div>
          <div
            class="number-container"
          >
            4
          </div>
        </div>
        <div>
          <div
            class="number-container"
          >
            5
          </div>
        </div>
        <div>
          <div
            class="number-container"
          >
            6
          </div>
        </div>
        <div>
          <div
            class="number-container"
          >
            7
          </div>
        </div>
        <div>
          <div
            class="number-container"
          >
            8
          </div>
        </div>
        <div>
          <div
            class="number-container"
          >
            9
          </div>
        </div>
        <div>
          <div
            class="number-container"
          >
            10
          </div>
        </div>
      </div>
      <div
        class="row-outer"
      >
        <div>
          <div
            class="number-container"
          >
            11
          </div>
        </div>
        <div>
          <div
            class="number-container"
          >
            12
          </div>
        </div>
        <div>
          <div
            class="number-container"
          >
            13
          </div>
        </div>
        <div>
          <div
            class="number-container"
          >
            14
          </div>
        </div>
        <div>
          <div
            class="number-container"
          >
            15
          </div>
        </div>
        <div>
          <div
            class="number-container"
          >
            16
          </div>
        </div>
        <div>
          <div
            class="number-container"
          >
            17
          </div>
        </div>
        <div>
          <div
            class="number-container"
          >
            18
          </div>
        </div>
        <div>
          <div
            class="number-container"
          >
            19
          </div>
        </div>
        <div>
          <div
            class="number-container"
          >
            20
          </div>
        </div>
      </div>
      <div
        class="row-outer"
      >
        <div>
          <div
            class="number-container"
          >
            21
          </div>
        </div>
        <div>
          <div
            class="number-container"
          >
            22
          </div>
        </div>
        <div>
          <div
            class="number-container"
          >
            23
          </div>
        </div>
        <div>
          <div
            class="number-container"
          >
            24
          </div>
        </div>
        <div>
          <div
            class="number-container"
          >
            25
          </div>
        </div>
        <div>
          <div
            class="number-container"
          >
            26
          </div>
        </div>
        <div>
          <div
            class="number-container"
          >
            27
          </div>
        </div>
        <div>
          <div
            class="number-container"
          >
            28
          </div>
        </div>
        <div>
          <div
            class="number-container"
          >
            29
          </div>
        </div>
        <div>
          <div
            class="number-container"
          >
            30
          </div>
        </div>
      </div>
      <div
        class="row-outer"
      >
        <div>
          <div
            class="number-container"
          >
            31
          </div>
        </div>
        <div>
          <div
            class="number-container"
          >
            32
          </div>
        </div>
        <div>
          <div
            class="number-container"
          >
            33
          </div>
        </div>
        <div>
          <div
            class="number-container"
          >
            34
          </div>
        </div>
        <div>
          <div
            class="number-container"
          >
            35
          </div>
        </div>
      </div>
       
      <div
        class="select-powerball"
      >
        SELECT YOUR POWERBALL
      </div>
       
      <div
        class="row-outer"
      >
        <div>
          <div
            class="number-container"
          >
            1
          </div>
        </div>
        <div>
          <div
            class="number-container"
          >
            2
          </div>
        </div>
        <div>
          <div
            class="number-container"
          >
            3
          </div>
        </div>
        <div>
          <div
            class="number-container"
          >
            4
          </div>
        </div>
        <div>
          <div
            class="number-container"
          >
            5
          </div>
        </div>
        <div>
          <div
            class="number-container"
          >
            6
          </div>
        </div>
        <div>
          <div
            class="number-container"
          >
            7
          </div>
        </div>
        <div>
          <div
            class="number-container"
          >
            8
          </div>
        </div>
        <div>
          <div
            class="number-container"
          >
            9
          </div>
        </div>
        <div>
          <div
            class="number-container"
          >
            10
          </div>
        </div>
      </div>
      <div
        class="row-outer"
      >
        <div>
          <div
            class="number-container"
          >
            11
          </div>
        </div>
        <div>
          <div
            class="number-container"
          >
            12
          </div>
        </div>
        <div>
          <div
            class="number-container"
          >
            13
          </div>
        </div>
        <div>
          <div
            class="number-container"
          >
            14
          </div>
        </div>
        <div>
          <div
            class="number-container"
          >
            15
          </div>
        </div>
        <div>
          <div
            class="number-container"
          >
            16
          </div>
        </div>
        <div>
          <div
            class="number-container"
          >
            17
          </div>
        </div>
        <div>
          <div
            class="number-container"
          >
            18
          </div>
        </div>
        <div>
          <div
            class="number-container"
          >
            19
          </div>
        </div>
        <div>
          <div
            class="number-container"
          >
            20
          </div>
        </div>
      </div>
    </div>
  </div>
</div>
`;

exports[`hello tab home page should match snapshot when clicked 1`] = `
<div>
  <div
    class="container"
  >
    <div>
      Results
    </div>
     
    <div>
      <button
        data-testid="get.results"
      >
        
      Auto Fill Results
    
      </button>
      
    no data
  
    </div>
     
    <div
      class="ticket-grid"
    >
      <div
        class="row-outer"
      >
        <div>
          <div
            class="number-container"
          >
            1
          </div>
        </div>
        <div>
          <div
            class="number-container"
          >
            2
          </div>
        </div>
        <div>
          <div
            class="number-container"
          >
            3
          </div>
        </div>
        <div>
          <div
            class="number-container"
          >
            4
          </div>
        </div>
        <div>
          <div
            class="number-container"
          >
            5
          </div>
        </div>
        <div>
          <div
            class="number-container"
          >
            6
          </div>
        </div>
        <div>
          <div
            class="number-container"
          >
            7
          </div>
        </div>
        <div>
          <div
            class="number-container"
          >
            8
          </div>
        </div>
        <div>
          <div
            class="number-container"
          >
            9
          </div>
        </div>
        <div>
          <div
            class="number-container"
          >
            10
          </div>
        </div>
      </div>
      <div
        class="row-outer"
      >
        <div>
          <div
            class="number-container"
          >
            11
          </div>
        </div>
        <div>
          <div
            class="number-container"
          >
            12
          </div>
        </div>
        <div>
          <div
            class="number-container"
          >
            13
          </div>
        </div>
        <div>
          <div
            class="number-container"
          >
            14
          </div>
        </div>
        <div>
          <div
            class="number-container"
          >
            15
          </div>
        </div>
        <div>
          <div
            class="number-container"
          >
            16
          </div>
        </div>
        <div>
          <div
            class="number-container"
          >
            17
          </div>
        </div>
        <div>
          <div
            class="number-container"
          >
            18
          </div>
        </div>
        <div>
          <div
            class="number-container"
          >
            19
          </div>
        </div>
        <div>
          <div
            class="number-container"
          >
            20
          </div>
        </div>
      </div>
      <div
        class="row-outer"
      >
        <div>
          <div
            class="number-container"
          >
            21
          </div>
        </div>
        <div>
          <div
            class="number-container"
          >
            22
          </div>
        </div>
        <div>
          <div
            class="number-container"
          >
            23
          </div>
        </div>
        <div>
          <div
            class="number-container"
          >
            24
          </div>
        </div>
        <div>
          <div
            class="number-container"
          >
            25
          </div>
        </div>
        <div>
          <div
            class="number-container"
          >
            26
          </div>
        </div>
        <div>
          <div
            class="number-container"
          >
            27
          </div>
        </div>
        <div>
          <div
            class="number-container"
          >
            28
          </div>
        </div>
        <div>
          <div
            class="number-container"
          >
            29
          </div>
        </div>
        <div>
          <div
            class="number-container"
          >
            30
          </div>
        </div>
      </div>
      <div
        class="row-outer"
      >
        <div>
          <div
            class="number-container"
          >
            31
          </div>
        </div>
        <div>
          <div
            class="number-container"
          >
            32
          </div>
        </div>
        <div>
          <div
            class="number-container"
          >
            33
          </div>
        </div>
        <div>
          <div
            class="number-container"
          >
            34
          </div>
        </div>
        <div>
          <div
            class="number-container"
          >
            35
          </div>
        </div>
      </div>
       
      <div
        class="select-powerball"
      >
        SELECT YOUR POWERBALL
      </div>
       
      <div
        class="row-outer"
      >
        <div>
          <div
            class="number-container"
          >
            1
          </div>
        </div>
        <div>
          <div
            class="number-container"
          >
            2
          </div>
        </div>
        <div>
          <div
            class="number-container"
          >
            3
          </div>
        </div>
        <div>
          <div
            class="number-container"
          >
            4
          </div>
        </div>
        <div>
          <div
            class="number-container"
          >
            5
          </div>
        </div>
        <div>
          <div
            class="number-container"
          >
            6
          </div>
        </div>
        <div>
          <div
            class="number-container"
          >
            7
          </div>
        </div>
        <div>
          <div
            class="number-container"
          >
            8
          </div>
        </div>
        <div>
          <div
            class="number-container"
          >
            9
          </div>
        </div>
        <div>
          <div
            class="number-container"
          >
            10
          </div>
        </div>
      </div>
      <div
        class="row-outer"
      >
        <div>
          <div
            class="number-container"
          >
            11
          </div>
        </div>
        <div>
          <div
            class="number-container"
          >
            12
          </div>
        </div>
        <div>
          <div
            class="number-container"
          >
            13
          </div>
        </div>
        <div>
          <div
            class="number-container"
          >
            14
          </div>
        </div>
        <div>
          <div
            class="number-container"
          >
            15
          </div>
        </div>
        <div>
          <div
            class="number-container"
          >
            16
          </div>
        </div>
        <div>
          <div
            class="number-container"
          >
            17
          </div>
        </div>
        <div>
          <div
            class="number-container"
          >
            18
          </div>
        </div>
        <div>
          <div
            class="number-container"
          >
            19
          </div>
        </div>
        <div>
          <div
            class="number-container"
          >
            20
          </div>
        </div>
      </div>
    </div>
  </div>
</div>
`;
